2024-12-28 19:49:30,909 - INFO - Log file created at: C:\Users\conta\your-character-lives\AI_Assistant.log
2024-12-28 19:49:30,926 - DEBUG - CoInitializeEx(None, 2)
2024-12-28 19:49:30,972 - INFO - Imported existing <module 'comtypes.gen' from 'C:\\Python312\\Lib\\site-packages\\comtypes\\gen\\__init__.py'>
2024-12-28 19:49:30,972 - INFO - Using writeable comtypes cache directory: 'C:\Python312\Lib\site-packages\comtypes\gen'
2024-12-28 19:49:31,032 - DEBUG - SAPI.SPVoice -> {96749377-3391-11D2-9EE3-00C04F797396}
2024-12-28 19:49:31,033 - DEBUG - CoCreateInstance({96749377-3391-11D2-9EE3-00C04F797396}, clsctx=None, interface=None)
2024-12-28 19:49:31,042 - DEBUG - GetBestInterface(<POINTER(IUnknown) ptr=0x2c9c402d5c0 at 2c9f76343d0>)
2024-12-28 19:49:31,042 - DEBUG - Does implement IProvideClassInfo
2024-12-28 19:49:31,043 - DEBUG - Default interface is {269316D8-57BD-11D2-9EEE-00C04F797396}
2024-12-28 19:49:31,043 - DEBUG - Release <POINTER(IUnknown) ptr=0x2c9c402d600 at 2c9f7634850>
2024-12-28 19:49:31,044 - DEBUG - GetModule(TLIBATTR(GUID={C866CA3A-32F7-11D2-9602-00C04F8EE628}, Version=5.4, LCID=0, FLags=0x8))
2024-12-28 19:49:31,044 - DEBUG - Implements default interface from typeinfo <class 'comtypes.gen._C866CA3A_32F7_11D2_9602_00C04F8EE628_0_5_4.ISpeechVoice'>
2024-12-28 19:49:31,045 - DEBUG - Final result is <POINTER(ISpeechVoice) ptr=0x2c9c402d600 at 2c9f7634750>
2024-12-28 19:49:31,045 - DEBUG - Release <POINTER(IProvideClassInfo) ptr=0x2c9c402d620 at 2c9f7634450>
2024-12-28 19:49:31,045 - DEBUG - Release <POINTER(ITypeInfo) ptr=0x2c9f64c85c8 at 2c9f76344d0>
2024-12-28 19:49:31,046 - DEBUG - Release <POINTER(ITypeInfo) ptr=0x2c9f64c8620 at 2c9f76345d0>
2024-12-28 19:49:31,046 - DEBUG - Release <POINTER(ITypeLib) ptr=0x2c9f63a7970 at 2c9f7634850>
2024-12-28 19:49:31,046 - DEBUG - Release <POINTER(IUnknown) ptr=0x2c9c402d5c0 at 2c9f76343d0>
2024-12-28 19:49:31,047 - DEBUG - <POINTER(ISpeechVoice) ptr=0x2c9c402d600 at 2c9f7634750> using sinkinterface from clsid <class 'comtypes.gen._C866CA3A_32F7_11D2_9602_00C04F8EE628_0_5_4._ISpeechVoiceEvents'>
2024-12-28 19:49:31,047 - DEBUG - Release <POINTER(IProvideClassInfo2) ptr=0x2c9c402d620 at 2c9f76343d0>
2024-12-28 19:49:31,048 - DEBUG - <comtypes.client._events.CreateEventReceiver.<locals>.Sink object at 0x000002C9F761C740>: _ISpeechVoiceEvents.VoiceChange not implemented
2024-12-28 19:49:31,048 - DEBUG - <comtypes.client._events.CreateEventReceiver.<locals>.Sink object at 0x000002C9F761C740>: _ISpeechVoiceEvents.Bookmark not implemented
2024-12-28 19:49:31,048 - DEBUG - <comtypes.client._events.CreateEventReceiver.<locals>.Sink object at 0x000002C9F761C740>: _ISpeechVoiceEvents.Word not implemented
2024-12-28 19:49:31,048 - DEBUG - <comtypes.client._events.CreateEventReceiver.<locals>.Sink object at 0x000002C9F761C740>: _ISpeechVoiceEvents.Sentence not implemented
2024-12-28 19:49:31,048 - DEBUG - <comtypes.client._events.CreateEventReceiver.<locals>.Sink object at 0x000002C9F761C740>: _ISpeechVoiceEvents.Phoneme not implemented
2024-12-28 19:49:31,049 - DEBUG - <comtypes.client._events.CreateEventReceiver.<locals>.Sink object at 0x000002C9F761C740>: _ISpeechVoiceEvents.Viseme not implemented
2024-12-28 19:49:31,049 - DEBUG - <comtypes.client._events.CreateEventReceiver.<locals>.Sink object at 0x000002C9F761C740>: _ISpeechVoiceEvents.AudioLevel not implemented
2024-12-28 19:49:31,049 - DEBUG - <comtypes.client._events.CreateEventReceiver.<locals>.Sink object at 0x000002C9F761C740>: _ISpeechVoiceEvents.EnginePrivate not implemented
2024-12-28 19:49:31,049 - DEBUG - Start advise <class 'comtypes.gen._C866CA3A_32F7_11D2_9602_00C04F8EE628_0_5_4._ISpeechVoiceEvents'>
2024-12-28 19:49:31,050 - DEBUG - <comtypes.client._events.CreateEventReceiver.<locals>.Sink object at 0x000002C9F761C740>.QueryInterface({A372ACD1-3BEF-4BBD-8FFB-CB3E2B416AF8}) -> S_OK
2024-12-28 19:49:31,050 - DEBUG - 1 active COM objects: Added   <comtypes.client._events.CreateEventReceiver.<locals>.Sink object at 0x000002C9F761C740>
2024-12-28 19:49:31,050 - DEBUG - <comtypes.client._events.CreateEventReceiver.<locals>.Sink object at 0x000002C9F761C740>.AddRef() -> 1
2024-12-28 19:49:31,055 - DEBUG - Release <POINTER(IConnectionPointContainer) ptr=0x2c9c402d628 at 2c9f7635ad0>
2024-12-28 19:49:31,098 - DEBUG - wrap_outparam(<POINTER(ISpeechObjectToken) ptr=0x2c9c402e260 at 2c9f7635ad0>)
2024-12-28 19:49:31,099 - DEBUG - Release <POINTER(ISpeechObjectToken) ptr=0x2c9c402e260 at 2c9f7635ad0>
2024-12-28 19:49:31,100 - DEBUG - wrap_outparam(<POINTER(ISpeechObjectTokens) ptr=0x2c9fa31e9f0 at 2c9f7635ad0>)
2024-12-28 19:49:31,100 - DEBUG - Release <POINTER(IUnknown) ptr=0x2c9fa34ca60 at 2c9f7635c50>
2024-12-28 19:49:31,100 - DEBUG - wrap_outparam(<POINTER(IDispatch) ptr=0x2c9f84430a0 at 2c9f7635d50>)
2024-12-28 19:49:31,100 - DEBUG - GetBestInterface(<POINTER(IDispatch) ptr=0x2c9f84430a0 at 2c9f7635d50>)
2024-12-28 19:49:31,101 - DEBUG - Does NOT implement IProvideClassInfo, trying IProvideClassInfo2
2024-12-28 19:49:31,101 - DEBUG - Does NOT implement IProvideClassInfo/IProvideClassInfo2
2024-12-28 19:49:31,102 - DEBUG - Release <POINTER(IUnknown) ptr=0x2c9f64c86d0 at 2c9f7635ed0>
2024-12-28 19:49:31,103 - DEBUG - Default interface is {C74A3ADC-B727-4500-A84A-B526721C8B8C}
2024-12-28 19:49:31,103 - DEBUG - Release <POINTER(IUnknown) ptr=0x2c9f84430a0 at 2c9f76360d0>
2024-12-28 19:49:31,103 - DEBUG - GetModule(TLIBATTR(GUID={C866CA3A-32F7-11D2-9602-00C04F8EE628}, Version=5.4, LCID=0, FLags=0x8))
2024-12-28 19:49:31,103 - DEBUG - Implements default interface from typeinfo <class 'comtypes.gen._C866CA3A_32F7_11D2_9602_00C04F8EE628_0_5_4.ISpeechObjectToken'>
2024-12-28 19:49:31,103 - DEBUG - Final result is <POINTER(ISpeechObjectToken) ptr=0x2c9f84430a0 at 2c9f7635ed0>
2024-12-28 19:49:31,103 - DEBUG - Release <POINTER(IDispatch) ptr=0x2c9f84430a0 at 2c9f7635fd0>
2024-12-28 19:49:31,105 - DEBUG - Release <POINTER(ITypeInfo) ptr=0x2c9f64c86d0 at 2c9f7636050>
2024-12-28 19:49:31,105 - DEBUG - Release <POINTER(ITypeLib) ptr=0x2c9f63a7970 at 2c9f76360d0>
2024-12-28 19:49:31,105 - DEBUG - Release <POINTER(IDispatch) ptr=0x2c9f84430a0 at 2c9f7635d50>
2024-12-28 19:49:31,105 - DEBUG - Release <POINTER(IEnumVARIANT) ptr=0x2c9fa34ca60 at 2c9f7635bd0>
2024-12-28 19:49:31,105 - DEBUG - Release <POINTER(ISpeechObjectTokens) ptr=0x2c9fa31e9f0 at 2c9f7635ad0>
2024-12-28 19:49:31,105 - DEBUG - Release <POINTER(ISpeechObjectToken) ptr=0x2c9f84430a0 at 2c9f7635ed0>
2024-12-28 19:49:31,208 - INFO - Creating UI elements for first time
2024-12-28 19:49:31,999 - INFO - Scanning for working audio input devices...
2024-12-28 19:49:32,000 - INFO - Default input device: Microphone sur casque (Jabra EV
2024-12-28 19:49:32,033 - INFO - Default device working
2024-12-28 19:49:32,059 - INFO - Found working device: Mappeur de sons Microsoft - Input
2024-12-28 19:49:32,401 - INFO - Found working device: Mixage stéréo (Realtek(R) Audio
2024-12-28 19:49:32,501 - INFO - Found working device: Réseau de microphones (Technolo
2024-12-28 19:49:32,527 - INFO - Found working device: Pilote de capture audio principal
2024-12-28 19:49:32,553 - INFO - Found working device: Microphone sur casque (Jabra EVOLVE 30 II)
2024-12-28 19:49:32,624 - INFO - Found working device: Mixage stéréo (Realtek(R) Audio)
2024-12-28 19:49:32,723 - INFO - Found working device: Réseau de microphones (Technologie Intel® Smart Sound pour microphones numériques)
2024-12-28 19:49:32,724 - DEBUG - Skipping device 19: [Errno -9997] Invalid sample rate
2024-12-28 19:49:32,727 - DEBUG - Skipping device 20: [Errno -9997] Invalid sample rate
2024-12-28 19:49:32,728 - DEBUG - Skipping device 21: [Errno -9997] Invalid sample rate
2024-12-28 19:49:32,728 - DEBUG - Skipping device 22: [Errno -9999] Unanticipated host error
2024-12-28 19:49:32,729 - DEBUG - Skipping device 23: [Errno -9999] Unanticipated host error
2024-12-28 19:49:32,729 - DEBUG - Skipping device 24: [Errno -9999] Unanticipated host error
2024-12-28 19:49:32,729 - DEBUG - Skipping device 27: [Errno -9999] Unanticipated host error
2024-12-28 19:49:32,729 - DEBUG - Skipping device 31: [Errno -9999] Unanticipated host error
2024-12-28 19:49:32,729 - DEBUG - Skipping device 32: [Errno -9999] Unanticipated host error
2024-12-28 19:49:32,730 - DEBUG - Skipping device 33: [Errno -9999] Unanticipated host error
2024-12-28 19:49:32,730 - DEBUG - Skipping device 35: [Errno -9999] Unanticipated host error
2024-12-28 19:49:32,730 - DEBUG - Skipping device 38: [Errno -9999] Unanticipated host error
2024-12-28 19:49:32,730 - DEBUG - Skipping device 39: [Errno -9999] Unanticipated host error
2024-12-28 19:49:32,730 - DEBUG - Skipping device 42: [Errno -9999] Unanticipated host error
2024-12-28 19:49:32,730 - DEBUG - Skipping device 43: [Errno -9999] Unanticipated host error
2024-12-28 19:49:32,731 - DEBUG - Skipping device 44: [Errno -9999] Unanticipated host error
2024-12-28 19:49:32,731 - DEBUG - Skipping device 45: [Errno -9999] Unanticipated host error
2024-12-28 19:49:32,731 - INFO - Found 8 working microphone(s)
2024-12-28 19:49:32,764 - INFO - Scanning for working audio output devices...
2024-12-28 19:49:32,764 - INFO - Default output device: Casque pour téléphone (Jabra EV
2024-12-28 19:49:32,779 - INFO - Default output device working
2024-12-28 19:49:32,797 - INFO - Found working output device: Mappeur de sons Microsoft - Output
2024-12-28 19:49:32,866 - INFO - Found working output device: Haut-parleurs (Realtek(R) Audio
2024-12-28 19:49:33,897 - INFO - Found working output device: Casque (Oculus Virtual Audio De
2024-12-28 19:49:33,903 - INFO - Found working output device: Périphérique audio principal
2024-12-28 19:49:33,910 - INFO - Found working output device: Casque pour téléphone (Jabra EVOLVE 30 II)
2024-12-28 19:49:33,916 - INFO - Found working output device: Haut-parleurs (Realtek(R) Audio)
2024-12-28 19:49:33,924 - INFO - Found working output device: Casque (Oculus Virtual Audio Device)
2024-12-28 19:49:33,927 - DEBUG - Skipping output device 16: [Errno -9997] Invalid sample rate
2024-12-28 19:49:33,930 - DEBUG - Skipping output device 17: [Errno -9997] Invalid sample rate
2024-12-28 19:49:33,934 - DEBUG - Skipping output device 18: [Errno -9997] Invalid sample rate
2024-12-28 19:49:33,934 - DEBUG - Skipping output device 25: [Errno -9999] Unanticipated host error
2024-12-28 19:49:33,935 - DEBUG - Skipping output device 26: [Errno -9999] Unanticipated host error
2024-12-28 19:49:33,935 - DEBUG - Skipping output device 28: [Errno -9999] Unanticipated host error
2024-12-28 19:49:33,935 - DEBUG - Skipping output device 29: [Errno -9999] Unanticipated host error
2024-12-28 19:49:33,935 - DEBUG - Skipping output device 30: [Errno -9999] Unanticipated host error
2024-12-28 19:49:33,935 - DEBUG - Skipping output device 34: [Errno -9999] Unanticipated host error
2024-12-28 19:49:33,936 - DEBUG - Skipping output device 36: [Errno -9999] Unanticipated host error
2024-12-28 19:49:33,936 - DEBUG - Skipping output device 37: [Errno -9999] Unanticipated host error
2024-12-28 19:49:33,937 - DEBUG - Skipping output device 40: [Errno -9999] Unanticipated host error
2024-12-28 19:49:33,937 - DEBUG - Skipping output device 41: [Errno -9999] Unanticipated host error
2024-12-28 19:49:33,937 - INFO - Found 8 working output device(s)
